2026.05.20-16:45:05: 

utility service module version=1.2 pid=18384 (2026/05/20  16:45:05) (X64)

2026.05.20-16:45:05: version equal: header file version:20250415-17ec823, dll version: 20250415-17ec823 
2026.05.20-16:45:10: 

utility service module version=1.2 pid=18384 (2026/05/20  16:45:10) (X64)

2026.05.20-16:45:10: version equal: header file version:20250415-17ec823, dll version: 20250415-17ec823 
2026.05.20-16:45:10: 

utility service module version=1.2 pid=18384 (2026/05/20  16:45:10) (X64)

2026.05.20-16:45:10: error: version not equal: header file version:20260506-3a2f85a, dll version: 20250415-17ec823 
2026.05.20-16:45:10: 

utility service module version=1.2 pid=18384 (2026/05/20  16:45:10) (X64)

2026.05.20-16:45:10: version equal: header file version:20250415-17ec823, dll version: 20250415-17ec823 
2026.05.20-16:45:14: 

utility service module version=1.2 pid=18384 (2026/05/20  16:45:14) (X64)

2026.05.20-16:45:14: version equal: header file version:20250415-17ec823, dll version: 20250415-17ec823 
2026.05.20-16:45:15: Upload token info, 02026.05.20-16:45:17: Check web api version,1052.1052
2026.05.20-16:45:17: CheckNewVersion: Update cache file success
2026.05.20-16:45:22: ProductInfo: read local file success.
2026.05.20-16:45:22: ProductInfo: update ProductInfo from server, version=3, debug=0.
2026.05.20-16:45:22: ProductInfo: check local image valid.
2026.05.20-17:51:48: 

utility service module version=1.2 pid=17288 (2026/05/20  17:51:48) (X64)

2026.05.20-17:51:48: version equal: header file version:20250415-17ec823, dll version: 20250415-17ec823 
2026.05.20-17:52:47: 

utility service module version=1.2 pid=17288 (2026/05/20  17:52:47) (X64)

2026.05.20-17:52:47: version equal: header file version:20250415-17ec823, dll version: 20250415-17ec823 
2026.05.20-17:52:47: 

utility service module version=1.2 pid=17288 (2026/05/20  17:52:47) (X64)

2026.05.20-17:52:47: error: version not equal: header file version:20260506-3a2f85a, dll version: 20250415-17ec823 
2026.05.20-17:52:48: 

utility service module version=1.2 pid=17288 (2026/05/20  17:52:48) (X64)

2026.05.20-17:52:48: version equal: header file version:20250415-17ec823, dll version: 20250415-17ec823 
2026.05.20-17:52:50: 

utility service module version=1.2 pid=17288 (2026/05/20  17:52:50) (X64)

2026.05.20-17:52:50: version equal: header file version:20250415-17ec823, dll version: 20250415-17ec823 
2026.05.20-17:52:52: Upload token info, 02026.05.20-17:52:54: Check web api version,1052.1052
2026.05.20-17:52:54: CheckNewVersion: Update cache file success
2026.05.20-17:52:56: ProductInfo: read local file success.
2026.05.20-17:52:56: ProductInfo: update ProductInfo from server, version=3, debug=0.
2026.05.20-17:52:56: ProductInfo: check local image valid.
2026.05.21-03:45:39: 

utility service module version=1.2 pid=40172 (2026/05/21  03:45:39) (X64)

2026.05.21-03:45:39: version equal: header file version:20250415-17ec823, dll version: 20250415-17ec823 
2026.05.21-13:40:18: 

utility service module version=1.2 pid=17300 (2026/05/21  13:40:18) (X64)

2026.05.21-13:40:18: version equal: header file version:20250415-17ec823, dll version: 20250415-17ec823 
2026.05.21-13:40:21: 

utility service module version=1.2 pid=17300 (2026/05/21  13:40:21) (X64)

2026.05.21-13:40:21: version equal: header file version:20250415-17ec823, dll version: 20250415-17ec823 
2026.05.21-13:40:21: 

utility service module version=1.2 pid=17300 (2026/05/21  13:40:21) (X64)

2026.05.21-13:40:21: error: version not equal: header file version:20260506-3a2f85a, dll version: 20250415-17ec823 
2026.05.21-13:40:22: 

utility service module version=1.2 pid=17300 (2026/05/21  13:40:22) (X64)

2026.05.21-13:40:22: version equal: header file version:20250415-17ec823, dll version: 20250415-17ec823 
2026.05.21-13:40:25: 

utility service module version=1.2 pid=17300 (2026/05/21  13:40:25) (X64)

2026.05.21-13:40:25: version equal: header file version:20250415-17ec823, dll version: 20250415-17ec823 
2026.05.21-13:40:27: Upload token info, 02026.05.21-13:40:29: Check web api version,1052.1052
2026.05.21-13:40:29: CheckNewVersion: Update cache file success
2026.05.21-13:40:32: ProductInfo: read local file success.
2026.05.21-13:40:32: ProductInfo: update ProductInfo from server, version=3, debug=0.
2026.05.21-13:40:33: ProductInfo: check local image valid.
2026.05.22-10:46:01: 

utility service module version=1.2 pid=15872 (2026/05/22  10:46:01) (X64)

2026.05.22-10:46:01: version equal: header file version:20250415-17ec823, dll version: 20250415-17ec823 
2026.05.22-10:46:50: 

utility service module version=1.2 pid=15872 (2026/05/22  10:46:50) (X64)

2026.05.22-10:46:50: version equal: header file version:20250415-17ec823, dll version: 20250415-17ec823 
2026.05.22-10:46:50: 

utility service module version=1.2 pid=15872 (2026/05/22  10:46:50) (X64)

2026.05.22-10:46:50: error: version not equal: header file version:20260506-3a2f85a, dll version: 20250415-17ec823 
2026.05.22-10:46:50: 

utility service module version=1.2 pid=15872 (2026/05/22  10:46:50) (X64)

2026.05.22-10:46:50: version equal: header file version:20250415-17ec823, dll version: 20250415-17ec823 
2026.05.22-10:46:51: 

utility service module version=1.2 pid=15872 (2026/05/22  10:46:51) (X64)

2026.05.22-10:46:51: version equal: header file version:20250415-17ec823, dll version: 20250415-17ec823 
2026.05.22-10:46:53: Upload token info, 02026.05.22-10:46:55: Check web api version,1052.1052
2026.05.22-10:46:55: CheckNewVersion: Update cache file success
2026.05.22-10:46:57: ProductInfo: read local file success.
2026.05.22-10:46:57: ProductInfo: update ProductInfo from server, version=3, debug=0.
2026.05.22-10:46:57: ProductInfo: check local image valid.
2026.05.22-11:17:23: 

utility service module version=1.2 pid=26348 (2026/05/22  11:17:23) (X64)

2026.05.22-11:17:23: version equal: header file version:20250415-17ec823, dll version: 20250415-17ec823 
2026.05.22-11:17:55: 

utility service module version=1.2 pid=26348 (2026/05/22  11:17:55) (X64)

2026.05.22-11:17:55: version equal: header file version:20250415-17ec823, dll version: 20250415-17ec823 
2026.05.22-11:17:55: 

utility service module version=1.2 pid=26348 (2026/05/22  11:17:55) (X64)

2026.05.22-11:17:55: error: version not equal: header file version:20260506-3a2f85a, dll version: 20250415-17ec823 
2026.05.22-11:17:55: 

utility service module version=1.2 pid=26348 (2026/05/22  11:17:55) (X64)

2026.05.22-11:17:55: version equal: header file version:20250415-17ec823, dll version: 20250415-17ec823 
2026.05.22-11:17:56: 

utility service module version=1.2 pid=26348 (2026/05/22  11:17:56) (X64)

2026.05.22-11:17:56: version equal: header file version:20250415-17ec823, dll version: 20250415-17ec823 
2026.05.22-11:17:58: Upload token info, 02026.05.22-11:18:00: Check web api version,1052.1052
2026.05.22-11:18:00: CheckNewVersion: Update cache file success
2026.05.22-11:18:03: ProductInfo: read local file success.
2026.05.22-11:18:03: ProductInfo: update ProductInfo from server, version=3, debug=0.
2026.05.22-11:18:04: ProductInfo: check local image valid.
2026.05.22-11:25:51: 

utility service module version=1.2 pid=15152 (2026/05/22  11:25:51) (X64)

2026.05.22-11:25:51: version equal: header file version:20250415-17ec823, dll version: 20250415-17ec823 
2026.05.22-11:26:05: 

utility service module version=1.2 pid=15152 (2026/05/22  11:26:05) (X64)

2026.05.22-11:26:05: version equal: header file version:20250415-17ec823, dll version: 20250415-17ec823 
2026.05.22-11:26:05: 

utility service module version=1.2 pid=15152 (2026/05/22  11:26:05) (X64)

2026.05.22-11:26:05: error: version not equal: header file version:20260506-3a2f85a, dll version: 20250415-17ec823 
2026.05.22-11:26:05: 

utility service module version=1.2 pid=15152 (2026/05/22  11:26:05) (X64)

2026.05.22-11:26:05: version equal: header file version:20250415-17ec823, dll version: 20250415-17ec823 
2026.05.22-11:26:06: 

utility service module version=1.2 pid=15152 (2026/05/22  11:26:06) (X64)

2026.05.22-11:26:06: version equal: header file version:20250415-17ec823, dll version: 20250415-17ec823 
2026.05.22-11:26:08: Upload token info, 02026.05.22-11:26:10: Check web api version,1052.1052
2026.05.22-11:26:10: CheckNewVersion: Update cache file success
2026.05.22-11:26:12: ProductInfo: read local file success.
2026.05.22-11:26:12: ProductInfo: update ProductInfo from server, version=3, debug=0.
2026.05.22-11:26:13: ProductInfo: check local image valid.
2026.05.22-19:02:51: 

utility service module version=1.2 pid=49420 (2026/05/22  19:02:51) (X64)

2026.05.22-19:02:51: version equal: header file version:20250415-17ec823, dll version: 20250415-17ec823 
2026.05.22-19:27:22: 

utility service module version=1.2 pid=54832 (2026/05/22  19:27:22) (X64)

2026.05.22-19:27:22: version equal: header file version:20250415-17ec823, dll version: 20250415-17ec823 
2026.05.22-19:27:24: 

utility service module version=1.2 pid=54832 (2026/05/22  19:27:24) (X64)

2026.05.22-19:27:24: version equal: header file version:20250415-17ec823, dll version: 20250415-17ec823 
2026.05.22-19:27:24: 

utility service module version=1.2 pid=54832 (2026/05/22  19:27:24) (X64)

2026.05.22-19:27:24: error: version not equal: header file version:20260506-3a2f85a, dll version: 20250415-17ec823 
2026.05.22-19:27:24: 

utility service module version=1.2 pid=54832 (2026/05/22  19:27:24) (X64)

2026.05.22-19:27:24: version equal: header file version:20250415-17ec823, dll version: 20250415-17ec823 
2026.05.22-19:27:26: 

utility service module version=1.2 pid=54832 (2026/05/22  19:27:26) (X64)

2026.05.22-19:27:26: version equal: header file version:20250415-17ec823, dll version: 20250415-17ec823 
2026.05.22-19:27:28: Upload token info, 02026.05.22-19:27:30: Check web api version,1052.1052
2026.05.22-19:27:30: CheckNewVersion: Update cache file success
2026.05.22-19:27:32: ProductInfo: read local file success.
2026.05.22-19:27:32: ProductInfo: update ProductInfo from server, version=3, debug=0.
2026.05.22-19:27:32: ProductInfo: check local image valid.
2026.05.23-19:59:05: 

utility service module version=1.2 pid=17564 (2026/05/23  19:59:05) (X64)

2026.05.23-19:59:05: version equal: header file version:20250415-17ec823, dll version: 20250415-17ec823 
2026.05.23-19:59:15: 

utility service module version=1.2 pid=17564 (2026/05/23  19:59:15) (X64)

2026.05.23-19:59:15: version equal: header file version:20250415-17ec823, dll version: 20250415-17ec823 
2026.05.23-19:59:15: 

utility service module version=1.2 pid=17564 (2026/05/23  19:59:15) (X64)

2026.05.23-19:59:15: error: version not equal: header file version:20260506-3a2f85a, dll version: 20250415-17ec823 
2026.05.23-19:59:15: 

utility service module version=1.2 pid=17564 (2026/05/23  19:59:15) (X64)

2026.05.23-19:59:15: version equal: header file version:20250415-17ec823, dll version: 20250415-17ec823 
2026.05.23-19:59:23: 

utility service module version=1.2 pid=17564 (2026/05/23  19:59:23) (X64)

2026.05.23-19:59:23: version equal: header file version:20250415-17ec823, dll version: 20250415-17ec823 
2026.05.23-19:59:24: Upload token info, 02026.05.23-19:59:26: Check web api version,1052.1052
2026.05.23-19:59:26: CheckNewVersion: Update cache file success
2026.05.23-19:59:54: ProductInfo: read local file success.
2026.05.23-19:59:54: ProductInfo: update ProductInfo from server, version=3, debug=0.
2026.05.23-19:59:57: ProductInfo: check local image valid.
2026.05.23-20:04:35: 

utility service module version=1.2 pid=17052 (2026/05/23  20:04:35) (X64)

2026.05.23-20:04:35: version equal: header file version:20250415-17ec823, dll version: 20250415-17ec823 
2026.05.23-20:04:39: 

utility service module version=1.2 pid=17052 (2026/05/23  20:04:39) (X64)

2026.05.23-20:04:39: version equal: header file version:20250415-17ec823, dll version: 20250415-17ec823 
2026.05.23-20:04:39: 

utility service module version=1.2 pid=17052 (2026/05/23  20:04:39) (X64)

2026.05.23-20:04:39: error: version not equal: header file version:20260506-3a2f85a, dll version: 20250415-17ec823 
2026.05.23-20:04:39: 

utility service module version=1.2 pid=17052 (2026/05/23  20:04:39) (X64)

2026.05.23-20:04:39: version equal: header file version:20250415-17ec823, dll version: 20250415-17ec823 
2026.05.23-20:04:41: 

utility service module version=1.2 pid=17052 (2026/05/23  20:04:41) (X64)

2026.05.23-20:04:41: version equal: header file version:20250415-17ec823, dll version: 20250415-17ec823 
2026.05.23-20:04:43: Upload token info, 02026.05.23-20:04:45: Check web api version,1052.1052
2026.05.23-20:04:45: CheckNewVersion: Update cache file success
2026.05.23-20:04:49: ProductInfo: read local file success.
2026.05.23-20:04:49: ProductInfo: update ProductInfo from server, version=3, debug=0.
2026.05.23-20:04:50: ProductInfo: check local image valid.
2026.05.24-18:48:44: 

utility service module version=1.2 pid=17388 (2026/05/24  18:48:44) (X64)

2026.05.24-18:48:44: version equal: header file version:20250415-17ec823, dll version: 20250415-17ec823 
2026.05.24-18:48:48: 

utility service module version=1.2 pid=17388 (2026/05/24  18:48:48) (X64)

2026.05.24-18:48:48: version equal: header file version:20250415-17ec823, dll version: 20250415-17ec823 
2026.05.24-18:48:48: 

utility service module version=1.2 pid=17388 (2026/05/24  18:48:48) (X64)

2026.05.24-18:48:48: error: version not equal: header file version:20260506-3a2f85a, dll version: 20250415-17ec823 
2026.05.24-18:48:49: 

utility service module version=1.2 pid=17388 (2026/05/24  18:48:49) (X64)

2026.05.24-18:48:49: version equal: header file version:20250415-17ec823, dll version: 20250415-17ec823 
2026.05.24-18:48:51: 

utility service module version=1.2 pid=17388 (2026/05/24  18:48:51) (X64)

2026.05.24-18:48:51: version equal: header file version:20250415-17ec823, dll version: 20250415-17ec823 
2026.05.24-18:48:53: Upload token info, 02026.05.24-18:48:55: Check web api version,1052.1052
2026.05.24-18:48:55: CheckNewVersion: Update cache file success
2026.05.24-18:48:59: ProductInfo: read local file success.
2026.05.24-18:48:59: ProductInfo: update ProductInfo from server, version=3, debug=0.
2026.05.24-18:49:00: ProductInfo: check local image valid.
2026.05.24-18:54:33: 

utility service module version=1.2 pid=15924 (2026/05/24  18:54:33) (X64)

2026.05.24-18:54:33: version equal: header file version:20250415-17ec823, dll version: 20250415-17ec823 
2026.05.24-18:54:38: 

utility service module version=1.2 pid=15924 (2026/05/24  18:54:38) (X64)

2026.05.24-18:54:38: version equal: header file version:20250415-17ec823, dll version: 20250415-17ec823 
2026.05.24-18:54:38: 

utility service module version=1.2 pid=15924 (2026/05/24  18:54:38) (X64)

2026.05.24-18:54:38: error: version not equal: header file version:20260506-3a2f85a, dll version: 20250415-17ec823 
2026.05.24-18:54:38: 

utility service module version=1.2 pid=15924 (2026/05/24  18:54:38) (X64)

2026.05.24-18:54:38: version equal: header file version:20250415-17ec823, dll version: 20250415-17ec823 
2026.05.24-18:54:41: 

utility service module version=1.2 pid=15924 (2026/05/24  18:54:41) (X64)

2026.05.24-18:54:41: version equal: header file version:20250415-17ec823, dll version: 20250415-17ec823 
2026.05.24-18:54:43: Upload token info, 02026.05.24-18:54:45: Check web api version,1052.1052
2026.05.24-18:54:45: CheckNewVersion: Update cache file success
2026.05.24-18:54:48: ProductInfo: read local file success.
2026.05.24-18:54:48: ProductInfo: update ProductInfo from server, version=3, debug=0.
2026.05.24-18:54:48: ProductInfo: check local image valid.
2026.05.25-14:55:45: 

utility service module version=1.2 pid=15084 (2026/05/25  14:55:45) (X64)

2026.05.25-14:55:45: version equal: header file version:20250415-17ec823, dll version: 20250415-17ec823 
2026.05.25-14:55:49: 

utility service module version=1.2 pid=15084 (2026/05/25  14:55:49) (X64)

2026.05.25-14:55:49: version equal: header file version:20250415-17ec823, dll version: 20250415-17ec823 
2026.05.25-14:55:49: 

utility service module version=1.2 pid=15084 (2026/05/25  14:55:49) (X64)

2026.05.25-14:55:49: error: version not equal: header file version:20260506-3a2f85a, dll version: 20250415-17ec823 
2026.05.25-14:55:49: 

utility service module version=1.2 pid=15084 (2026/05/25  14:55:49) (X64)

2026.05.25-14:55:49: version equal: header file version:20250415-17ec823, dll version: 20250415-17ec823 
2026.05.25-14:55:52: 

utility service module version=1.2 pid=15084 (2026/05/25  14:55:52) (X64)

2026.05.25-14:55:52: version equal: header file version:20250415-17ec823, dll version: 20250415-17ec823 
2026.05.25-14:55:53: Upload token info, 02026.05.25-14:55:55: Check web api version,1052.1052
2026.05.25-14:55:55: CheckNewVersion: Update cache file success
2026.05.25-14:56:09: ProductInfo: read local file success.
2026.05.25-14:56:09: ProductInfo: update ProductInfo from server, version=3, debug=0.
2026.05.25-14:56:10: ProductInfo: check local image valid.
2026.05.25-22:20:04: 

utility service module version=1.2 pid=15668 (2026/05/25  22:20:04) (X64)

2026.05.25-22:20:04: version equal: header file version:20250415-17ec823, dll version: 20250415-17ec823 
2026.05.25-22:20:08: 

utility service module version=1.2 pid=15668 (2026/05/25  22:20:08) (X64)

2026.05.25-22:20:08: version equal: header file version:20250415-17ec823, dll version: 20250415-17ec823 
2026.05.25-22:20:08: 

utility service module version=1.2 pid=15668 (2026/05/25  22:20:08) (X64)

2026.05.25-22:20:08: error: version not equal: header file version:20260506-3a2f85a, dll version: 20250415-17ec823 
2026.05.25-22:20:08: 

utility service module version=1.2 pid=15668 (2026/05/25  22:20:08) (X64)

2026.05.25-22:20:08: version equal: header file version:20250415-17ec823, dll version: 20250415-17ec823 
2026.05.25-22:20:10: 

utility service module version=1.2 pid=15668 (2026/05/25  22:20:10) (X64)

2026.05.25-22:20:10: version equal: header file version:20250415-17ec823, dll version: 20250415-17ec823 
2026.05.25-22:20:12: Upload token info, 02026.05.25-22:20:14: Check web api version,1052.1052
2026.05.25-22:20:14: CheckNewVersion: Update cache file success
2026.05.25-22:20:17: ProductInfo: read local file success.
2026.05.25-22:20:17: ProductInfo: update ProductInfo from server, version=3, debug=0.
2026.05.25-22:20:17: ProductInfo: check local image valid.
2026.05.26-23:51:24: 

utility service module version=1.2 pid=15168 (2026/05/26  23:51:24) (X64)

2026.05.26-23:51:24: version equal: header file version:20250415-17ec823, dll version: 20250415-17ec823 
2026.05.26-23:51:29: 

utility service module version=1.2 pid=15168 (2026/05/26  23:51:29) (X64)

2026.05.26-23:51:29: version equal: header file version:20250415-17ec823, dll version: 20250415-17ec823 
2026.05.26-23:51:29: 

utility service module version=1.2 pid=15168 (2026/05/26  23:51:29) (X64)

2026.05.26-23:51:29: error: version not equal: header file version:20260506-3a2f85a, dll version: 20250415-17ec823 
2026.05.26-23:51:29: 

utility service module version=1.2 pid=15168 (2026/05/26  23:51:29) (X64)

2026.05.26-23:51:29: version equal: header file version:20250415-17ec823, dll version: 20250415-17ec823 
2026.05.26-23:51:34: 

utility service module version=1.2 pid=15168 (2026/05/26  23:51:34) (X64)

2026.05.26-23:51:34: version equal: header file version:20250415-17ec823, dll version: 20250415-17ec823 
2026.05.26-23:51:34: http status code: 502
2026.05.26-23:51:34: Upload token info, 02026.05.26-23:51:36: Check web api version,1052.1052
2026.05.26-23:51:36: CheckNewVersion: Update cache file success
2026.05.26-23:51:41: ProductInfo: read local file success.
2026.05.26-23:51:41: ProductInfo: update ProductInfo from server, version=3, debug=0.
2026.05.26-23:51:42: ProductInfo: check local image valid.
2026.05.26-23:51:45: http status code: 502
2026.05.26-23:51:45: Post data failed, res(RyÜœçQ^¼)
2026.05.28-13:29:17: 

utility service module version=1.2 pid=106992 (2026/05/28  13:29:17) (X64)

2026.05.28-13:29:17: version equal: header file version:20250415-17ec823, dll version: 20250415-17ec823 
2026.05.28-13:29:21: 

utility service module version=1.2 pid=106992 (2026/05/28  13:29:21) (X64)

2026.05.28-13:29:21: version equal: header file version:20250415-17ec823, dll version: 20250415-17ec823 
2026.05.28-13:29:21: 

utility service module version=1.2 pid=106992 (2026/05/28  13:29:21) (X64)

2026.05.28-13:29:21: error: version not equal: header file version:20260506-3a2f85a, dll version: 20250415-17ec823 
2026.05.28-13:29:21: 

utility service module version=1.2 pid=106992 (2026/05/28  13:29:21) (X64)

2026.05.28-13:29:21: version equal: header file version:20250415-17ec823, dll version: 20250415-17ec823 
2026.05.28-13:29:23: 

utility service module version=1.2 pid=106992 (2026/05/28  13:29:23) (X64)

2026.05.28-13:29:23: version equal: header file version:20250415-17ec823, dll version: 20250415-17ec823 
2026.05.28-13:29:25: Upload token info, 02026.05.28-13:29:28: Check web api version,1052.1052
2026.05.28-13:29:28: CheckNewVersion: Update cache file success
2026.05.28-13:29:32: ProductInfo: read local file success.
2026.05.28-13:29:32: ProductInfo: update ProductInfo from server, version=3, debug=0.
2026.05.28-13:29:32: ProductInfo: check local image valid.
2026.05.28-13:32:08: 

utility service module version=1.2 pid=98680 (2026/05/28  13:32:08) (X64)

2026.05.28-13:32:08: version equal: header file version:20250415-17ec823, dll version: 20250415-17ec823 
2026.05.28-13:32:11: 

utility service module version=1.2 pid=98680 (2026/05/28  13:32:11) (X64)

2026.05.28-13:32:11: version equal: header file version:20250415-17ec823, dll version: 20250415-17ec823 
2026.05.28-13:32:11: 

utility service module version=1.2 pid=98680 (2026/05/28  13:32:11) (X64)

2026.05.28-13:32:11: error: version not equal: header file version:20260506-3a2f85a, dll version: 20250415-17ec823 
2026.05.28-13:32:11: 

utility service module version=1.2 pid=98680 (2026/05/28  13:32:11) (X64)

2026.05.28-13:32:11: version equal: header file version:20250415-17ec823, dll version: 20250415-17ec823 
2026.05.28-13:32:13: 

utility service module version=1.2 pid=98680 (2026/05/28  13:32:13) (X64)

2026.05.28-13:32:13: version equal: header file version:20250415-17ec823, dll version: 20250415-17ec823 
2026.05.28-13:32:14: Upload token info, 02026.05.28-13:32:16: Check web api version,1052.1052
2026.05.28-13:32:16: CheckNewVersion: Update cache file success
2026.05.28-13:32:18: ProductInfo: read local file success.
2026.05.28-13:32:18: ProductInfo: update ProductInfo from server, version=3, debug=0.
2026.05.28-13:32:19: ProductInfo: check local image valid.
2026.05.28-15:28:39: 

utility service module version=1.2 pid=7464 (2026/05/28  15:28:39) (X64)

2026.05.28-15:28:39: version equal: header file version:20250415-17ec823, dll version: 20250415-17ec823 
2026.05.28-15:28:45: 

utility service module version=1.2 pid=7464 (2026/05/28  15:28:45) (X64)

2026.05.28-15:28:45: version equal: header file version:20250415-17ec823, dll version: 20250415-17ec823 
2026.05.28-15:28:45: 

utility service module version=1.2 pid=7464 (2026/05/28  15:28:45) (X64)

2026.05.28-15:28:45: error: version not equal: header file version:20260506-3a2f85a, dll version: 20250415-17ec823 
2026.05.28-15:28:45: 

utility service module version=1.2 pid=7464 (2026/05/28  15:28:45) (X64)

2026.05.28-15:28:45: version equal: header file version:20250415-17ec823, dll version: 20250415-17ec823 
2026.05.28-15:28:48: 

utility service module version=1.2 pid=7464 (2026/05/28  15:28:48) (X64)

2026.05.28-15:28:48: version equal: header file version:20250415-17ec823, dll version: 20250415-17ec823 
2026.05.28-15:28:56: Upload token info, 02026.05.28-15:28:58: Check web api version,1052.1052
2026.05.28-15:28:58: CheckNewVersion: Update cache file success
2026.05.28-15:29:00: ProductInfo: read local file success.
2026.05.28-15:29:00: ProductInfo: update ProductInfo from server, version=3, debug=0.
2026.05.28-15:29:02: ProductInfo: check local image valid.
2026.05.28-20:34:45: 

utility service module version=1.2 pid=7004 (2026/05/28  20:34:45) (X64)

2026.05.28-20:34:45: version equal: header file version:20250415-17ec823, dll version: 20250415-17ec823 
2026.05.28-20:34:50: 

utility service module version=1.2 pid=7004 (2026/05/28  20:34:50) (X64)

2026.05.28-20:34:50: version equal: header file version:20250415-17ec823, dll version: 20250415-17ec823 
2026.05.28-20:34:50: 

utility service module version=1.2 pid=7004 (2026/05/28  20:34:50) (X64)

2026.05.28-20:34:50: error: version not equal: header file version:20260506-3a2f85a, dll version: 20250415-17ec823 
2026.05.28-20:34:50: 

utility service module version=1.2 pid=7004 (2026/05/28  20:34:50) (X64)

2026.05.28-20:34:50: version equal: header file version:20250415-17ec823, dll version: 20250415-17ec823 
2026.05.28-20:34:53: 

utility service module version=1.2 pid=7004 (2026/05/28  20:34:53) (X64)

2026.05.28-20:34:53: version equal: header file version:20250415-17ec823, dll version: 20250415-17ec823 
2026.05.28-20:34:55: Upload token info, 02026.05.28-20:34:57: Check web api version,1052.1052
2026.05.28-20:34:57: CheckNewVersion: Update cache file success
2026.05.28-20:35:00: ProductInfo: read local file success.
2026.05.28-20:35:00: ProductInfo: update ProductInfo from server, version=3, debug=0.
2026.05.28-20:35:01: ProductInfo: check local image valid.
2026.05.29-03:03:07: 

utility service module version=1.2 pid=15112 (2026/05/29  03:03:07) (X64)

2026.05.29-03:03:07: version equal: header file version:20250415-17ec823, dll version: 20250415-17ec823 
2026.05.29-03:03:12: 

utility service module version=1.2 pid=15112 (2026/05/29  03:03:12) (X64)

2026.05.29-03:03:12: version equal: header file version:20250415-17ec823, dll version: 20250415-17ec823 
2026.05.29-03:03:12: 

utility service module version=1.2 pid=15112 (2026/05/29  03:03:12) (X64)

2026.05.29-03:03:12: error: version not equal: header file version:20260506-3a2f85a, dll version: 20250415-17ec823 
2026.05.29-03:03:12: 

utility service module version=1.2 pid=15112 (2026/05/29  03:03:12) (X64)

2026.05.29-03:03:12: version equal: header file version:20250415-17ec823, dll version: 20250415-17ec823 
2026.05.29-03:03:14: 

utility service module version=1.2 pid=15112 (2026/05/29  03:03:14) (X64)

2026.05.29-03:03:14: version equal: header file version:20250415-17ec823, dll version: 20250415-17ec823 
2026.05.29-03:03:16: Upload token info, 02026.05.29-03:03:18: Check web api version,1052.1052
2026.05.29-03:03:18: CheckNewVersion: Update cache file success
2026.05.29-03:03:22: ProductInfo: read local file success.
2026.05.29-03:03:22: ProductInfo: update ProductInfo from server, version=3, debug=0.
2026.05.29-03:03:22: ProductInfo: check local image valid.
2026.05.29-11:15:07: 

utility service module version=1.2 pid=15144 (2026/05/29  11:15:07) (X64)

2026.05.29-11:15:07: version equal: header file version:20250415-17ec823, dll version: 20250415-17ec823 
2026.05.29-11:15:13: 

utility service module version=1.2 pid=15144 (2026/05/29  11:15:13) (X64)

2026.05.29-11:15:13: version equal: header file version:20250415-17ec823, dll version: 20250415-17ec823 
2026.05.29-11:15:13: 

utility service module version=1.2 pid=15144 (2026/05/29  11:15:13) (X64)

2026.05.29-11:15:13: error: version not equal: header file version:20260506-3a2f85a, dll version: 20250415-17ec823 
2026.05.29-11:15:13: 

utility service module version=1.2 pid=15144 (2026/05/29  11:15:13) (X64)

2026.05.29-11:15:13: version equal: header file version:20250415-17ec823, dll version: 20250415-17ec823 
2026.05.29-11:15:15: 

utility service module version=1.2 pid=15144 (2026/05/29  11:15:15) (X64)

2026.05.29-11:15:15: version equal: header file version:20250415-17ec823, dll version: 20250415-17ec823 
2026.05.29-11:15:17: Upload token info, 02026.05.29-11:15:19: Check web api version,1052.1052
2026.05.29-11:15:19: CheckNewVersion: Update cache file success
2026.05.29-11:15:22: ProductInfo: read local file success.
2026.05.29-11:15:22: ProductInfo: update ProductInfo from server, version=3, debug=0.
2026.05.29-11:15:22: ProductInfo: check local image valid.
2026.05.29-13:37:31: 

utility service module version=1.2 pid=15940 (2026/05/29  13:37:31) (X64)

2026.05.29-13:37:31: version equal: header file version:20250415-17ec823, dll version: 20250415-17ec823 
2026.05.29-13:37:37: 

utility service module version=1.2 pid=15940 (2026/05/29  13:37:37) (X64)

2026.05.29-13:37:37: version equal: header file version:20250415-17ec823, dll version: 20250415-17ec823 
2026.05.29-13:37:37: 

utility service module version=1.2 pid=15940 (2026/05/29  13:37:37) (X64)

2026.05.29-13:37:37: error: version not equal: header file version:20260506-3a2f85a, dll version: 20250415-17ec823 
2026.05.29-13:37:37: 

utility service module version=1.2 pid=15940 (2026/05/29  13:37:37) (X64)

2026.05.29-13:37:37: version equal: header file version:20250415-17ec823, dll version: 20250415-17ec823 
2026.05.29-13:37:40: 

utility service module version=1.2 pid=15940 (2026/05/29  13:37:40) (X64)

2026.05.29-13:37:40: version equal: header file version:20250415-17ec823, dll version: 20250415-17ec823 
2026.05.29-13:37:42: Upload token info, 02026.05.29-13:37:47: Check web api version,1052.1052
2026.05.29-13:37:47: CheckNewVersion: Update cache file success
2026.05.29-13:37:47: ProductInfo: read local file success.
2026.05.29-13:37:47: ProductInfo: update ProductInfo from server, version=3, debug=0.
2026.05.29-13:37:49: ProductInfo: check local image valid.
2026.06.01-21:15:46: 

utility service module version=1.2 pid=3096 (2026/06/01  21:15:46) (X64)

2026.06.01-21:15:46: version equal: header file version:20250415-17ec823, dll version: 20250415-17ec823 
2026.06.01-21:15:50: 

utility service module version=1.2 pid=3096 (2026/06/01  21:15:50) (X64)

2026.06.01-21:15:50: version equal: header file version:20250415-17ec823, dll version: 20250415-17ec823 
2026.06.01-21:15:50: 

utility service module version=1.2 pid=3096 (2026/06/01  21:15:50) (X64)

2026.06.01-21:15:50: error: version not equal: header file version:20260506-3a2f85a, dll version: 20250415-17ec823 
2026.06.01-21:15:50: 

utility service module version=1.2 pid=3096 (2026/06/01  21:15:50) (X64)

2026.06.01-21:15:50: version equal: header file version:20250415-17ec823, dll version: 20250415-17ec823 
2026.06.01-21:15:54: 

utility service module version=1.2 pid=3096 (2026/06/01  21:15:54) (X64)

2026.06.01-21:15:54: version equal: header file version:20250415-17ec823, dll version: 20250415-17ec823 
2026.06.01-21:15:56: Upload token info, 02026.06.01-21:15:58: Check web api version,1052.1052
2026.06.01-21:15:59: CheckNewVersion: Update cache file success
2026.06.01-21:16:02: ProductInfo: read local file success.
2026.06.01-21:16:02: ProductInfo: update ProductInfo from server, version=3, debug=0.
2026.06.01-21:16:03: ProductInfo: check local image valid.
2026.06.01-21:44:07: 

utility service module version=1.2 pid=17980 (2026/06/01  21:44:07) (X64)

2026.06.01-21:44:07: version equal: header file version:20250415-17ec823, dll version: 20250415-17ec823 
2026.06.01-21:44:15: 

utility service module version=1.2 pid=17980 (2026/06/01  21:44:15) (X64)

2026.06.01-21:44:15: version equal: header file version:20250415-17ec823, dll version: 20250415-17ec823 
2026.06.01-21:44:15: 

utility service module version=1.2 pid=17980 (2026/06/01  21:44:15) (X64)

2026.06.01-21:44:15: error: version not equal: header file version:20260506-3a2f85a, dll version: 20250415-17ec823 
2026.06.01-21:44:15: 

utility service module version=1.2 pid=17980 (2026/06/01  21:44:15) (X64)

2026.06.01-21:44:15: version equal: header file version:20250415-17ec823, dll version: 20250415-17ec823 
2026.06.01-21:44:17: 

utility service module version=1.2 pid=17980 (2026/06/01  21:44:17) (X64)

2026.06.01-21:44:17: version equal: header file version:20250415-17ec823, dll version: 20250415-17ec823 
2026.06.01-21:44:20: Upload token info, 02026.06.01-21:44:22: Check web api version,1052.1052
2026.06.01-21:44:22: CheckNewVersion: Update cache file success
2026.06.01-21:44:28: ProductInfo: read local file success.
2026.06.01-21:44:28: ProductInfo: update ProductInfo from server, version=3, debug=0.
2026.06.01-21:44:28: ProductInfo: check local image valid.
2026.06.03-07:43:22: 

utility service module version=1.2 pid=15836 (2026/06/03  07:43:22) (X64)

2026.06.03-07:43:22: version equal: header file version:20250415-17ec823, dll version: 20250415-17ec823 
2026.06.03-07:43:25: 

utility service module version=1.2 pid=15836 (2026/06/03  07:43:25) (X64)

2026.06.03-07:43:25: version equal: header file version:20250415-17ec823, dll version: 20250415-17ec823 
2026.06.03-07:43:25: 

utility service module version=1.2 pid=15836 (2026/06/03  07:43:25) (X64)

2026.06.03-07:43:25: error: version not equal: header file version:20260506-3a2f85a, dll version: 20250415-17ec823 
2026.06.03-07:43:25: 

utility service module version=1.2 pid=15836 (2026/06/03  07:43:25) (X64)

2026.06.03-07:43:25: version equal: header file version:20250415-17ec823, dll version: 20250415-17ec823 
2026.06.03-07:43:27: 

utility service module version=1.2 pid=15836 (2026/06/03  07:43:27) (X64)

2026.06.03-07:43:27: version equal: header file version:20250415-17ec823, dll version: 20250415-17ec823 
2026.06.03-07:43:29: Upload token info, 02026.06.03-07:43:31: Check web api version,1052.1052
2026.06.03-07:43:31: CheckNewVersion: Update cache file success
2026.06.03-07:43:35: ProductInfo: read local file success.
2026.06.03-07:43:35: ProductInfo: update ProductInfo from server, version=3, debug=0.
2026.06.03-07:43:35: ProductInfo: check local image valid.
2026.06.03-18:56:31: 

utility service module version=1.2 pid=15680 (2026/06/03  18:56:31) (X64)

2026.06.03-18:56:31: version equal: header file version:20250415-17ec823, dll version: 20250415-17ec823 
2026.06.03-18:56:35: 

utility service module version=1.2 pid=15680 (2026/06/03  18:56:35) (X64)

2026.06.03-18:56:35: version equal: header file version:20250415-17ec823, dll version: 20250415-17ec823 
2026.06.03-18:56:35: 

utility service module version=1.2 pid=15680 (2026/06/03  18:56:35) (X64)

2026.06.03-18:56:35: error: version not equal: header file version:20260506-3a2f85a, dll version: 20250415-17ec823 
2026.06.03-18:56:35: 

utility service module version=1.2 pid=15680 (2026/06/03  18:56:35) (X64)

2026.06.03-18:56:35: version equal: header file version:20250415-17ec823, dll version: 20250415-17ec823 
2026.06.03-18:56:39: 

utility service module version=1.2 pid=15680 (2026/06/03  18:56:39) (X64)

2026.06.03-18:56:39: version equal: header file version:20250415-17ec823, dll version: 20250415-17ec823 
2026.06.03-18:56:41: Upload token info, 02026.06.03-18:56:43: Check web api version,1052.1052
2026.06.03-18:56:43: CheckNewVersion: Update cache file success
2026.06.03-18:56:46: ProductInfo: read local file success.
2026.06.03-18:56:46: ProductInfo: update ProductInfo from server, version=3, debug=0.
2026.06.03-18:56:46: ProductInfo: check local image valid.
2026.06.04-15:12:15: 

utility service module version=1.2 pid=15236 (2026/06/04  15:12:15) (X64)

2026.06.04-15:12:15: version equal: header file version:20250415-17ec823, dll version: 20250415-17ec823 
2026.06.04-15:12:20: 

utility service module version=1.2 pid=15236 (2026/06/04  15:12:20) (X64)

2026.06.04-15:12:20: version equal: header file version:20250415-17ec823, dll version: 20250415-17ec823 
2026.06.04-15:12:20: 

utility service module version=1.2 pid=15236 (2026/06/04  15:12:20) (X64)

2026.06.04-15:12:20: error: version not equal: header file version:20260506-3a2f85a, dll version: 20250415-17ec823 
2026.06.04-15:12:20: 

utility service module version=1.2 pid=15236 (2026/06/04  15:12:20) (X64)

2026.06.04-15:12:20: version equal: header file version:20250415-17ec823, dll version: 20250415-17ec823 
2026.06.04-15:12:23: 

utility service module version=1.2 pid=15236 (2026/06/04  15:12:23) (X64)

2026.06.04-15:12:23: version equal: header file version:20250415-17ec823, dll version: 20250415-17ec823 
2026.06.04-15:12:25: Upload token info, 02026.06.04-15:12:27: Check web api version,1052.1052
2026.06.04-15:12:27: CheckNewVersion: Update cache file success
2026.06.04-15:12:32: ProductInfo: read local file success.
2026.06.04-15:12:32: ProductInfo: update ProductInfo from server, version=3, debug=0.
2026.06.04-15:12:33: ProductInfo: check local image valid.
2026.06.05-20:20:46: 

utility service module version=1.2 pid=15224 (2026/06/05  20:20:46) (X64)

2026.06.05-20:20:46: version equal: header file version:20250415-17ec823, dll version: 20250415-17ec823 
2026.06.05-20:20:51: 

utility service module version=1.2 pid=15224 (2026/06/05  20:20:51) (X64)

2026.06.05-20:20:51: version equal: header file version:20250415-17ec823, dll version: 20250415-17ec823 
2026.06.05-20:20:51: 

utility service module version=1.2 pid=15224 (2026/06/05  20:20:51) (X64)

2026.06.05-20:20:51: error: version not equal: header file version:20260506-3a2f85a, dll version: 20250415-17ec823 
2026.06.05-20:20:51: 

utility service module version=1.2 pid=15224 (2026/06/05  20:20:51) (X64)

2026.06.05-20:20:51: version equal: header file version:20250415-17ec823, dll version: 20250415-17ec823 
2026.06.05-20:20:55: 

utility service module version=1.2 pid=15224 (2026/06/05  20:20:55) (X64)

2026.06.05-20:20:55: version equal: header file version:20250415-17ec823, dll version: 20250415-17ec823 
2026.06.05-20:20:57: Upload token info, 02026.06.05-20:21:00: Check web api version,1052.1052
2026.06.05-20:21:00: CheckNewVersion: Update cache file success
2026.06.05-20:21:05: ProductInfo: read local file success.
2026.06.05-20:21:05: ProductInfo: update ProductInfo from server, version=3, debug=0.
2026.06.05-20:21:06: ProductInfo: check local image valid.
2026.06.05-23:39:29: 

utility service module version=1.2 pid=46028 (2026/06/05  23:39:29) (X64)

2026.06.05-23:39:29: version equal: header file version:20250415-17ec823, dll version: 20250415-17ec823 
2026.06.05-23:50:40: http status code: 502
2026.06.05-23:50:40: Post data failed, res(RyÜœçQ^¼)
2026.06.06-01:28:31: 

utility service module version=1.2 pid=1244 (2026/06/06  01:28:31) (X64)

2026.06.06-01:28:31: version equal: header file version:20250415-17ec823, dll version: 20250415-17ec823 
2026.06.06-01:28:35: 

utility service module version=1.2 pid=1244 (2026/06/06  01:28:35) (X64)

2026.06.06-01:28:35: version equal: header file version:20250415-17ec823, dll version: 20250415-17ec823 
2026.06.06-01:28:35: 

utility service module version=1.2 pid=1244 (2026/06/06  01:28:35) (X64)

2026.06.06-01:28:35: error: version not equal: header file version:20260506-3a2f85a, dll version: 20250415-17ec823 
2026.06.06-01:28:35: 

utility service module version=1.2 pid=1244 (2026/06/06  01:28:35) (X64)

2026.06.06-01:28:35: version equal: header file version:20250415-17ec823, dll version: 20250415-17ec823 
2026.06.06-01:28:37: 

utility service module version=1.2 pid=1244 (2026/06/06  01:28:37) (X64)

2026.06.06-01:28:37: version equal: header file version:20250415-17ec823, dll version: 20250415-17ec823 
2026.06.06-01:28:38: Upload token info, 02026.06.06-01:28:40: Check web api version,1052.1052
2026.06.06-01:28:40: CheckNewVersion: Update cache file success
2026.06.06-01:28:43: ProductInfo: read local file success.
2026.06.06-01:28:43: ProductInfo: update ProductInfo from server, version=3, debug=0.
2026.06.06-01:28:44: ProductInfo: check local image valid.
2026.06.06-01:31:23: 

utility service module version=1.2 pid=27032 (2026/06/06  01:31:23) (X64)

2026.06.06-01:31:23: version equal: header file version:20250415-17ec823, dll version: 20250415-17ec823 
2026.06.06-01:31:25: 

utility service module version=1.2 pid=27032 (2026/06/06  01:31:25) (X64)

2026.06.06-01:31:25: version equal: header file version:20250415-17ec823, dll version: 20250415-17ec823 
2026.06.06-01:31:25: 

utility service module version=1.2 pid=27032 (2026/06/06  01:31:25) (X64)

2026.06.06-01:31:25: error: version not equal: header file version:20260602-f0cb3f6, dll version: 20250415-17ec823 
2026.06.06-01:31:25: 

utility service module version=1.2 pid=27032 (2026/06/06  01:31:25) (X64)

2026.06.06-01:31:25: version equal: header file version:20250415-17ec823, dll version: 20250415-17ec823 
2026.06.06-01:31:27: 

utility service module version=1.2 pid=27032 (2026/06/06  01:31:27) (X64)

2026.06.06-01:31:27: version equal: header file version:20250415-17ec823, dll version: 20250415-17ec823 
2026.06.06-01:31:28: Upload token info, 02026.06.06-01:31:30: Check web api version,1052.1052
2026.06.06-01:31:30: CheckNewVersion: Update cache file success
2026.06.06-01:31:32: ProductInfo: read local file success.
2026.06.06-01:31:32: ProductInfo: update ProductInfo from server, version=3, debug=0.
2026.06.06-01:31:33: ProductInfo: check local image valid.
2026.06.06-14:53:25: error curl post: Timeout was reached
2026.06.06-14:53:25: Post data failed, index(fab_soft_work_drm_streamfab)
2026.06.06-17:00:49: 

utility service module version=1.2 pid=24704 (2026/06/06  17:00:49) (X64)

2026.06.06-17:00:49: version equal: header file version:20250415-17ec823, dll version: 20250415-17ec823 
2026.06.06-17:00:52: 

utility service module version=1.2 pid=24704 (2026/06/06  17:00:52) (X64)

2026.06.06-17:00:52: version equal: header file version:20250415-17ec823, dll version: 20250415-17ec823 
2026.06.06-17:00:52: 

utility service module version=1.2 pid=24704 (2026/06/06  17:00:52) (X64)

2026.06.06-17:00:52: error: version not equal: header file version:20260602-f0cb3f6, dll version: 20250415-17ec823 
2026.06.06-17:00:52: 

utility service module version=1.2 pid=24704 (2026/06/06  17:00:52) (X64)

2026.06.06-17:00:52: version equal: header file version:20250415-17ec823, dll version: 20250415-17ec823 
2026.06.06-17:00:54: 

utility service module version=1.2 pid=24704 (2026/06/06  17:00:54) (X64)

2026.06.06-17:00:54: version equal: header file version:20250415-17ec823, dll version: 20250415-17ec823 
2026.06.06-17:00:56: Upload token info, 02026.06.06-17:00:58: Check web api version,1052.1052
2026.06.06-17:00:58: CheckNewVersion: Update cache file success
2026.06.06-17:01:00: ProductInfo: read local file success.
2026.06.06-17:01:00: ProductInfo: update ProductInfo from server, version=3, debug=0.
2026.06.06-17:01:00: ProductInfo: check local image valid.
2026.06.06-20:57:17: 

utility service module version=1.2 pid=14760 (2026/06/06  20:57:17) (X64)

2026.06.06-20:57:17: version equal: header file version:20250415-17ec823, dll version: 20250415-17ec823 
2026.06.06-20:57:20: 

utility service module version=1.2 pid=14760 (2026/06/06  20:57:20) (X64)

2026.06.06-20:57:20: version equal: header file version:20250415-17ec823, dll version: 20250415-17ec823 
2026.06.06-20:57:20: 

utility service module version=1.2 pid=14760 (2026/06/06  20:57:20) (X64)

2026.06.06-20:57:20: error: version not equal: header file version:20260602-f0cb3f6, dll version: 20250415-17ec823 
2026.06.06-20:57:20: 

utility service module version=1.2 pid=14760 (2026/06/06  20:57:20) (X64)

2026.06.06-20:57:20: version equal: header file version:20250415-17ec823, dll version: 20250415-17ec823 
2026.06.06-20:57:22: 

utility service module version=1.2 pid=14760 (2026/06/06  20:57:22) (X64)

2026.06.06-20:57:22: version equal: header file version:20250415-17ec823, dll version: 20250415-17ec823 
2026.06.06-20:57:24: Upload token info, 02026.06.06-20:57:26: Check web api version,1052.1052
2026.06.06-20:57:26: CheckNewVersion: Update cache file success
2026.06.06-20:57:29: ProductInfo: read local file success.
2026.06.06-20:57:29: ProductInfo: update ProductInfo from server, version=3, debug=0.
2026.06.06-20:57:29: ProductInfo: check local image valid.
2026.06.06-21:43:00: 

utility service module version=1.2 pid=15124 (2026/06/06  21:43:00) (X64)

2026.06.06-21:43:00: version equal: header file version:20250415-17ec823, dll version: 20250415-17ec823 
2026.06.06-21:43:04: 

utility service module version=1.2 pid=15124 (2026/06/06  21:43:04) (X64)

2026.06.06-21:43:04: version equal: header file version:20250415-17ec823, dll version: 20250415-17ec823 
2026.06.06-21:43:04: 

utility service module version=1.2 pid=15124 (2026/06/06  21:43:04) (X64)

2026.06.06-21:43:04: error: version not equal: header file version:20260602-f0cb3f6, dll version: 20250415-17ec823 
2026.06.06-21:43:04: 

utility service module version=1.2 pid=15124 (2026/06/06  21:43:04) (X64)

2026.06.06-21:43:04: version equal: header file version:20250415-17ec823, dll version: 20250415-17ec823 
2026.06.06-21:43:07: 

utility service module version=1.2 pid=15124 (2026/06/06  21:43:07) (X64)

2026.06.06-21:43:07: version equal: header file version:20250415-17ec823, dll version: 20250415-17ec823 
2026.06.06-21:43:08: Upload token info, 02026.06.06-21:43:11: Check web api version,1052.1052
2026.06.06-21:43:11: CheckNewVersion: Update cache file success
2026.06.06-21:43:14: ProductInfo: read local file success.
2026.06.06-21:43:14: ProductInfo: update ProductInfo from server, version=3, debug=0.
2026.06.06-21:43:15: ProductInfo: check local image valid.
2026.06.08-01:12:39: 

utility service module version=1.2 pid=129116 (2026/06/08  01:12:39) (X64)

2026.06.08-01:12:39: version equal: header file version:20250415-17ec823, dll version: 20250415-17ec823 
